2026-05-09 17:18:43,119 - INFO - Database connection established
2026-05-09 17:18:43,120 - INFO - API: GET request for customer 112
2026-05-09 17:18:43,121 - INFO - CRUD: Searching for customerNumber 112
2026-05-09 17:18:47,405 - INFO - Database connection closed
2026-05-09 17:19:20,277 - INFO - Database connection established
2026-05-09 17:19:20,278 - INFO - API: GET request for all customers
2026-05-09 17:19:20,278 - INFO - CRUD: Fetching customers with skip=0, limit=100
2026-05-09 17:19:24,304 - INFO - Database connection closed
2026-05-09 17:26:58,684 - INFO - Database connection established
2026-05-09 17:26:58,684 - INFO - API: GET request for all customers
2026-05-09 17:26:58,685 - INFO - CRUD: Fetching customers with skip=0, limit=100
2026-05-09 17:26:59,455 - INFO - select pg_catalog.version()
2026-05-09 17:26:59,455 - INFO - [raw sql] ()
2026-05-09 17:26:59,520 - INFO - select current_schema()
2026-05-09 17:26:59,521 - INFO - [raw sql] ()
2026-05-09 17:26:59,546 - INFO - show standard_conforming_strings
2026-05-09 17:26:59,546 - INFO - [raw sql] ()
2026-05-09 17:26:59,552 - INFO - BEGIN (implicit)
2026-05-09 17:26:59,594 - INFO - SELECT customers."customerNumber", customers."customerName", customers."contactLastName", customers."contactFirstName", customers.phone, customers."addressLine1", customers."addressLine2", customers.city, customers.state, customers."postalCode", customers.country, customers."salesRepEmployeeNumber", customers."creditLimit" 
FROM customers 
 LIMIT $1::INTEGER OFFSET $2::INTEGER
2026-05-09 17:26:59,602 - INFO - [generated in 0.00130s] (100, 0)
2026-05-09 17:26:59,833 - INFO - Database connection closed
2026-05-09 17:26:59,833 - INFO - ROLLBACK
2026-05-09 17:27:39,297 - INFO - Database connection established
2026-05-09 17:27:39,297 - INFO - API: GET request for customer 112
2026-05-09 17:27:39,297 - INFO - CRUD: Searching for customerNumber 112
2026-05-09 17:27:39,298 - INFO - BEGIN (implicit)
2026-05-09 17:27:39,302 - INFO - SELECT customers."customerNumber", customers."customerName", customers."contactLastName", customers."contactFirstName", customers.phone, customers."addressLine1", customers."addressLine2", customers.city, customers.state, customers."postalCode", customers.country, customers."salesRepEmployeeNumber", customers."creditLimit" 
FROM customers 
WHERE customers."customerNumber" = $1::INTEGER
2026-05-09 17:27:39,304 - INFO - [generated in 0.00237s] (112,)
2026-05-09 17:27:39,366 - INFO - Database connection closed
2026-05-09 17:27:39,366 - INFO - ROLLBACK
2026-05-09 17:29:12,311 - INFO - Database connection established
2026-05-09 17:29:12,311 - INFO - API: GET request for customer 110
2026-05-09 17:29:12,311 - INFO - CRUD: Searching for customerNumber 110
2026-05-09 17:29:12,312 - INFO - BEGIN (implicit)
2026-05-09 17:29:12,313 - INFO - SELECT customers."customerNumber", customers."customerName", customers."contactLastName", customers."contactFirstName", customers.phone, customers."addressLine1", customers."addressLine2", customers.city, customers.state, customers."postalCode", customers.country, customers."salesRepEmployeeNumber", customers."creditLimit" 
FROM customers 
WHERE customers."customerNumber" = $1::INTEGER
2026-05-09 17:29:12,315 - INFO - [cached since 93.01s ago] (110,)
2026-05-09 17:29:12,320 - WARNING - CRUD: Customer 110 not found
2026-05-09 17:29:12,320 - ERROR - API: Customer 110 not found
2026-05-09 17:29:12,320 - INFO - Database connection closed
2026-05-09 17:29:12,321 - INFO - ROLLBACK
2026-05-09 21:55:06,026 - INFO - Database connection established
2026-05-09 21:55:06,026 - INFO - API: GET request for all customers
2026-05-09 21:55:06,026 - INFO - CRUD: Fetching customers with skip=0, limit=100
2026-05-09 21:55:07,230 - INFO - select pg_catalog.version()
2026-05-09 21:55:07,232 - INFO - [raw sql] ()
2026-05-09 21:55:07,295 - INFO - select current_schema()
2026-05-09 21:55:07,295 - INFO - [raw sql] ()
2026-05-09 21:55:07,343 - INFO - show standard_conforming_strings
2026-05-09 21:55:07,344 - INFO - [raw sql] ()
2026-05-09 21:55:07,349 - INFO - BEGIN (implicit)
2026-05-09 21:55:07,403 - INFO - SELECT customers."customerNumber", customers."customerName", customers."contactLastName", customers."contactFirstName", customers.phone, customers."addressLine1", customers."addressLine2", customers.city, customers.state, customers."postalCode", customers.country, customers."salesRepEmployeeNumber", customers."creditLimit" 
FROM customers 
 LIMIT $1::INTEGER OFFSET $2::INTEGER
2026-05-09 21:55:07,411 - INFO - [generated in 0.00183s] (100, 0)
2026-05-09 21:55:07,614 - INFO - Database connection closed
2026-05-09 21:55:07,614 - INFO - ROLLBACK
2026-05-09 21:56:36,195 - INFO - Database connection established
2026-05-09 21:56:36,196 - INFO - API: GET request for customer 112
2026-05-09 21:56:36,196 - INFO - CRUD: Searching for customerNumber 112
2026-05-09 21:56:36,196 - INFO - BEGIN (implicit)
2026-05-09 21:56:36,199 - INFO - SELECT customers."customerNumber", customers."customerName", customers."contactLastName", customers."contactFirstName", customers.phone, customers."addressLine1", customers."addressLine2", customers.city, customers.state, customers."postalCode", customers.country, customers."salesRepEmployeeNumber", customers."creditLimit" 
FROM customers 
WHERE customers."customerNumber" = $1::INTEGER
2026-05-09 21:56:36,200 - INFO - [generated in 0.00128s] (112,)
2026-05-09 21:56:36,323 - INFO - Database connection closed
2026-05-09 21:56:36,323 - INFO - ROLLBACK
2026-05-09 22:01:32,454 - INFO - Database connection established
2026-05-09 22:01:32,454 - INFO - API: PUT request for customer 112
2026-05-09 22:01:32,455 - INFO - CRUD: Updating customer 112
2026-05-09 22:01:32,456 - INFO - BEGIN (implicit)
2026-05-09 22:01:32,457 - INFO - SELECT customers."customerNumber", customers."customerName", customers."contactLastName", customers."contactFirstName", customers.phone, customers."addressLine1", customers."addressLine2", customers.city, customers.state, customers."postalCode", customers.country, customers."salesRepEmployeeNumber", customers."creditLimit" 
FROM customers 
WHERE customers."customerNumber" = $1::INTEGER
2026-05-09 22:01:32,459 - INFO - [cached since 296.3s ago] (112,)
2026-05-09 22:01:32,543 - INFO - UPDATE customers SET "customerName"=$1::VARCHAR, "contactLastName"=$2::VARCHAR, "contactFirstName"=$3::VARCHAR, phone=$4::VARCHAR, "addressLine1"=$5::VARCHAR, "addressLine2"=$6::VARCHAR, city=$7::VARCHAR, state=$8::VARCHAR, "postalCode"=$9::VARCHAR, country=$10::VARCHAR, "salesRepEmployeeNumber"=$11::INTEGER, "creditLimit"=$12::NUMERIC(10, 2) WHERE customers."customerNumber" = $13::INTEGER
2026-05-09 22:01:32,544 - INFO - [generated in 0.00129s] ('beautiful store', 'hello', 'world', 'string', 'string', 'string', 'string', 'string', 'string', 'string', 0, 0.0, 112)
2026-05-09 22:01:32,952 - INFO - ROLLBACK
2026-05-09 22:01:32,954 - INFO - Database connection closed
2026-05-09 22:38:29,434 - INFO - Database connection established
2026-05-09 22:38:29,435 - INFO - API: PUT request for customer 112
2026-05-09 22:38:29,435 - INFO - CRUD: Updating customer 112
2026-05-09 22:38:29,436 - INFO - BEGIN (implicit)
2026-05-09 22:38:29,436 - INFO - SELECT customers."customerNumber", customers."customerName", customers."contactLastName", customers."contactFirstName", customers.phone, customers."addressLine1", customers."addressLine2", customers.city, customers.state, customers."postalCode", customers.country, customers."salesRepEmployeeNumber", customers."creditLimit" 
FROM customers 
WHERE customers."customerNumber" = $1::INTEGER
2026-05-09 22:38:29,438 - INFO - [cached since 2513s ago] (112,)
2026-05-09 22:38:29,443 - INFO - UPDATE customers SET "customerName"=$1::VARCHAR, "contactLastName"=$2::VARCHAR, "contactFirstName"=$3::VARCHAR, phone=$4::VARCHAR, "addressLine1"=$5::VARCHAR, "addressLine2"=$6::VARCHAR, city=$7::VARCHAR, state=$8::VARCHAR, "postalCode"=$9::VARCHAR, country=$10::VARCHAR, "salesRepEmployeeNumber"=$11::INTEGER, "creditLimit"=$12::NUMERIC(10, 2) WHERE customers."customerNumber" = $13::INTEGER
2026-05-09 22:38:29,444 - INFO - [cached since 2217s ago] ('beautiful store', 'hello', 'world', 'string', 'string', 'string', 'string', 'string', 'string', 'string', 100, 0.0, 112)
2026-05-09 22:38:29,448 - INFO - ROLLBACK
2026-05-09 22:38:29,451 - INFO - Database connection closed
2026-05-09 22:38:42,787 - INFO - Database connection established
2026-05-09 22:38:42,788 - INFO - API: PUT request for customer 112
2026-05-09 22:38:42,788 - INFO - CRUD: Updating customer 112
2026-05-09 22:38:42,788 - INFO - BEGIN (implicit)
2026-05-09 22:38:42,789 - INFO - SELECT customers."customerNumber", customers."customerName", customers."contactLastName", customers."contactFirstName", customers.phone, customers."addressLine1", customers."addressLine2", customers.city, customers.state, customers."postalCode", customers.country, customers."salesRepEmployeeNumber", customers."creditLimit" 
FROM customers 
WHERE customers."customerNumber" = $1::INTEGER
2026-05-09 22:38:42,790 - INFO - [cached since 2527s ago] (112,)
2026-05-09 22:38:42,797 - INFO - UPDATE customers SET "customerName"=$1::VARCHAR, "contactLastName"=$2::VARCHAR, "contactFirstName"=$3::VARCHAR, phone=$4::VARCHAR, "addressLine1"=$5::VARCHAR, "addressLine2"=$6::VARCHAR, city=$7::VARCHAR, state=$8::VARCHAR, "postalCode"=$9::VARCHAR, country=$10::VARCHAR, "salesRepEmployeeNumber"=$11::INTEGER, "creditLimit"=$12::NUMERIC(10, 2) WHERE customers."customerNumber" = $13::INTEGER
2026-05-09 22:38:42,798 - INFO - [cached since 2230s ago] ('beautiful store', 'hello', 'world', 'string', 'string', 'string', 'string', 'string', 'string', 'string', 1001, 0.0, 112)
2026-05-09 22:38:42,802 - INFO - ROLLBACK
2026-05-09 22:38:42,804 - INFO - Database connection closed
2026-05-09 22:40:12,535 - INFO - Database connection established
2026-05-09 22:40:12,535 - INFO - API: PUT request for customer 112
2026-05-09 22:40:12,535 - INFO - CRUD: Updating customer 112
2026-05-09 22:40:12,536 - INFO - BEGIN (implicit)
2026-05-09 22:40:12,537 - INFO - SELECT customers."customerNumber", customers."customerName", customers."contactLastName", customers."contactFirstName", customers.phone, customers."addressLine1", customers."addressLine2", customers.city, customers.state, customers."postalCode", customers.country, customers."salesRepEmployeeNumber", customers."creditLimit" 
FROM customers 
WHERE customers."customerNumber" = $1::INTEGER
2026-05-09 22:40:12,538 - INFO - [cached since 2616s ago] (112,)
2026-05-09 22:40:12,542 - INFO - UPDATE customers SET "customerName"=$1::VARCHAR, "contactLastName"=$2::VARCHAR, "contactFirstName"=$3::VARCHAR, phone=$4::VARCHAR, "addressLine1"=$5::VARCHAR, "addressLine2"=$6::VARCHAR, city=$7::VARCHAR, state=$8::VARCHAR, "postalCode"=$9::VARCHAR, country=$10::VARCHAR, "salesRepEmployeeNumber"=$11::INTEGER, "creditLimit"=$12::NUMERIC(10, 2) WHERE customers."customerNumber" = $13::INTEGER
2026-05-09 22:40:12,543 - INFO - [cached since 2320s ago] ('beautiful store', 'hello', 'world', 'string', 'string', 'string', 'string', 'string', 'string', 'string', 1002, 0.0, 112)
2026-05-09 22:40:12,649 - INFO - COMMIT
2026-05-09 22:40:12,688 - INFO - BEGIN (implicit)
2026-05-09 22:40:12,691 - INFO - SELECT customers."customerNumber", customers."customerName", customers."contactLastName", customers."contactFirstName", customers.phone, customers."addressLine1", customers."addressLine2", customers.city, customers.state, customers."postalCode", customers.country, customers."salesRepEmployeeNumber", customers."creditLimit" 
FROM customers 
WHERE customers."customerNumber" = $1::INTEGER
2026-05-09 22:40:12,692 - INFO - [generated in 0.00117s] (112,)
2026-05-09 22:40:12,697 - INFO - Database connection closed
2026-05-09 22:40:12,697 - INFO - ROLLBACK
2026-05-09 22:42:14,876 - INFO - Database connection established
2026-05-09 22:42:14,877 - INFO - API: DELETE request for customer 112
2026-05-09 22:42:14,877 - INFO - CRUD: Deleting customer 112
2026-05-09 22:42:14,880 - INFO - BEGIN (implicit)
2026-05-09 22:42:14,883 - INFO - SELECT customers."customerNumber", customers."customerName", customers."contactLastName", customers."contactFirstName", customers.phone, customers."addressLine1", customers."addressLine2", customers.city, customers.state, customers."postalCode", customers.country, customers."salesRepEmployeeNumber", customers."creditLimit" 
FROM customers 
WHERE customers."customerNumber" = $1::INTEGER
2026-05-09 22:42:14,885 - INFO - [cached since 2739s ago] (112,)
2026-05-09 22:42:14,896 - INFO - DELETE FROM customers WHERE customers."customerNumber" = $1::INTEGER
2026-05-09 22:42:14,897 - INFO - [generated in 0.00112s] (112,)
2026-05-09 22:42:14,963 - INFO - ROLLBACK
2026-05-09 22:42:14,965 - INFO - Database connection closed
2026-05-09 23:07:27,077 - INFO - Database connection established
2026-05-09 23:07:27,078 - INFO - Database connection closed
2026-05-09 23:09:56,584 - INFO - Database connection established
2026-05-09 23:09:56,584 - INFO - API: Aggregated request for /overall_counts started
2026-05-09 23:09:56,585 - INFO - CRUD: Starting count query for Customers
2026-05-09 23:09:56,661 - INFO - Database connection closed
2026-05-09 23:09:57,490 - INFO - select pg_catalog.version()
2026-05-09 23:09:57,491 - INFO - [raw sql] ()
2026-05-09 23:09:57,528 - INFO - select current_schema()
2026-05-09 23:09:57,529 - INFO - [raw sql] ()
2026-05-09 23:09:57,535 - INFO - show standard_conforming_strings
2026-05-09 23:09:57,536 - INFO - [raw sql] ()
2026-05-09 23:09:57,542 - INFO - BEGIN (implicit)
2026-05-09 23:09:57,547 - INFO - SELECT count(*) AS count_1 
FROM customers
2026-05-09 23:09:57,548 - INFO - [generated in 0.00081s] ()
2026-05-09 23:09:57,610 - INFO - CRUD: Completed count for Customers: 122
2026-05-09 23:10:28,797 - ERROR - Exception terminating connection <AdaptedConnection <asyncpg.connection.Connection object at 0x0000021A77349130>>
Traceback (most recent call last):
  File "D:\Project\api_Assignment\venv\Lib\site-packages\sqlalchemy\pool\base.py", line 374, in _close_connection
    self._dialect.do_terminate(connection)
  File "D:\Project\api_Assignment\venv\Lib\site-packages\sqlalchemy\dialects\postgresql\asyncpg.py", line 1105, in do_terminate
    dbapi_connection.terminate()
  File "D:\Project\api_Assignment\venv\Lib\site-packages\sqlalchemy\dialects\postgresql\asyncpg.py", line 898, in terminate
    self._connection.terminate()
  File "D:\Project\api_Assignment\venv\Lib\site-packages\asyncpg\connection.py", line 1478, in terminate
    self._abort()
  File "D:\Project\api_Assignment\venv\Lib\site-packages\asyncpg\connection.py", line 1505, in _abort
    self._protocol.abort()
  File "asyncpg\protocol\protocol.pyx", line 607, in asyncpg.protocol.protocol.BaseProtocol.abort
  File "C:\Program Files\Python312\Lib\asyncio\selector_events.py", line 836, in abort
    self._force_close(None)
  File "C:\Program Files\Python312\Lib\asyncio\selector_events.py", line 906, in _force_close
    self._loop.call_soon(self._call_connection_lost, exc)
  File "C:\Program Files\Python312\Lib\asyncio\base_events.py", line 799, in call_soon
    self._check_closed()
  File "C:\Program Files\Python312\Lib\asyncio\base_events.py", line 545, in _check_closed
    raise RuntimeError('Event loop is closed')
RuntimeError: Event loop is closed
2026-05-09 23:10:29,110 - ERROR - The garbage collector is trying to clean up non-checked-in connection <AdaptedConnection <asyncpg.connection.Connection object at 0x0000021A77349130>>, which will be terminated.  Please ensure that SQLAlchemy pooled connections are returned to the pool explicitly, either by calling ``close()`` or by using appropriate context managers to manage their lifecycle.
2026-05-09 23:11:23,534 - INFO - Database connection established
2026-05-09 23:11:23,535 - INFO - API: Starting concurrent aggregation for /overall_counts
2026-05-09 23:11:23,535 - INFO - CRUD: Starting count query for Customers
2026-05-09 23:11:23,545 - INFO - Database connection closed
2026-05-09 23:11:23,756 - INFO - select pg_catalog.version()
2026-05-09 23:11:23,756 - INFO - [raw sql] ()
2026-05-09 23:11:23,768 - INFO - select current_schema()
2026-05-09 23:11:23,769 - INFO - [raw sql] ()
2026-05-09 23:11:23,778 - INFO - show standard_conforming_strings
2026-05-09 23:11:23,779 - INFO - [raw sql] ()
2026-05-09 23:11:23,790 - INFO - BEGIN (implicit)
2026-05-09 23:11:23,800 - INFO - SELECT count(*) AS count_1 
FROM customers
2026-05-09 23:11:23,804 - INFO - [generated in 0.00501s] ()
2026-05-09 23:11:23,812 - INFO - CRUD: Completed count for Customers: 122
2026-05-09 23:12:08,647 - ERROR - Exception terminating connection <AdaptedConnection <asyncpg.connection.Connection object at 0x000001EA60CA55E0>>
Traceback (most recent call last):
  File "D:\Project\api_Assignment\venv\Lib\site-packages\sqlalchemy\pool\base.py", line 374, in _close_connection
    self._dialect.do_terminate(connection)
  File "D:\Project\api_Assignment\venv\Lib\site-packages\sqlalchemy\dialects\postgresql\asyncpg.py", line 1105, in do_terminate
    dbapi_connection.terminate()
  File "D:\Project\api_Assignment\venv\Lib\site-packages\sqlalchemy\dialects\postgresql\asyncpg.py", line 898, in terminate
    self._connection.terminate()
  File "D:\Project\api_Assignment\venv\Lib\site-packages\asyncpg\connection.py", line 1478, in terminate
    self._abort()
  File "D:\Project\api_Assignment\venv\Lib\site-packages\asyncpg\connection.py", line 1505, in _abort
    self._protocol.abort()
  File "asyncpg\protocol\protocol.pyx", line 607, in asyncpg.protocol.protocol.BaseProtocol.abort
  File "C:\Program Files\Python312\Lib\asyncio\selector_events.py", line 836, in abort
    self._force_close(None)
  File "C:\Program Files\Python312\Lib\asyncio\selector_events.py", line 906, in _force_close
    self._loop.call_soon(self._call_connection_lost, exc)
  File "C:\Program Files\Python312\Lib\asyncio\base_events.py", line 799, in call_soon
    self._check_closed()
  File "C:\Program Files\Python312\Lib\asyncio\base_events.py", line 545, in _check_closed
    raise RuntimeError('Event loop is closed')
RuntimeError: Event loop is closed
2026-05-09 23:12:08,657 - ERROR - The garbage collector is trying to clean up non-checked-in connection <AdaptedConnection <asyncpg.connection.Connection object at 0x000001EA60CA55E0>>, which will be terminated.  Please ensure that SQLAlchemy pooled connections are returned to the pool explicitly, either by calling ``close()`` or by using appropriate context managers to manage their lifecycle.
2026-05-09 23:13:28,050 - INFO - Database connection established
2026-05-09 23:13:28,050 - INFO - API: Starting concurrent aggregation for /overall_counts
2026-05-09 23:13:28,050 - INFO - CRUD: Starting count query for Customers
2026-05-09 23:13:28,064 - INFO - Database connection closed
2026-05-09 23:13:28,269 - INFO - select pg_catalog.version()
2026-05-09 23:13:28,269 - INFO - [raw sql] ()
2026-05-09 23:13:28,280 - INFO - select current_schema()
2026-05-09 23:13:28,280 - INFO - [raw sql] ()
2026-05-09 23:13:28,288 - INFO - show standard_conforming_strings
2026-05-09 23:13:28,291 - INFO - [raw sql] ()
2026-05-09 23:13:28,298 - INFO - BEGIN (implicit)
2026-05-09 23:13:28,304 - INFO - SELECT count(*) AS count_1 
FROM customers
2026-05-09 23:13:28,304 - INFO - [generated in 0.00077s] ()
2026-05-09 23:13:28,315 - INFO - CRUD: Completed count for Customers: 122
2026-05-09 23:14:46,089 - ERROR - Exception terminating connection <AdaptedConnection <asyncpg.connection.Connection object at 0x00000200F93A4AA0>>
Traceback (most recent call last):
  File "D:\Project\api_Assignment\venv\Lib\site-packages\sqlalchemy\pool\base.py", line 374, in _close_connection
    self._dialect.do_terminate(connection)
  File "D:\Project\api_Assignment\venv\Lib\site-packages\sqlalchemy\dialects\postgresql\asyncpg.py", line 1105, in do_terminate
    dbapi_connection.terminate()
  File "D:\Project\api_Assignment\venv\Lib\site-packages\sqlalchemy\dialects\postgresql\asyncpg.py", line 898, in terminate
    self._connection.terminate()
  File "D:\Project\api_Assignment\venv\Lib\site-packages\asyncpg\connection.py", line 1478, in terminate
    self._abort()
  File "D:\Project\api_Assignment\venv\Lib\site-packages\asyncpg\connection.py", line 1505, in _abort
    self._protocol.abort()
  File "asyncpg\protocol\protocol.pyx", line 607, in asyncpg.protocol.protocol.BaseProtocol.abort
  File "C:\Program Files\Python312\Lib\asyncio\selector_events.py", line 836, in abort
    self._force_close(None)
  File "C:\Program Files\Python312\Lib\asyncio\selector_events.py", line 906, in _force_close
    self._loop.call_soon(self._call_connection_lost, exc)
  File "C:\Program Files\Python312\Lib\asyncio\base_events.py", line 799, in call_soon
    self._check_closed()
  File "C:\Program Files\Python312\Lib\asyncio\base_events.py", line 545, in _check_closed
    raise RuntimeError('Event loop is closed')
RuntimeError: Event loop is closed
2026-05-09 23:14:46,098 - ERROR - The garbage collector is trying to clean up non-checked-in connection <AdaptedConnection <asyncpg.connection.Connection object at 0x00000200F93A4AA0>>, which will be terminated.  Please ensure that SQLAlchemy pooled connections are returned to the pool explicitly, either by calling ``close()`` or by using appropriate context managers to manage their lifecycle.
2026-05-09 23:15:09,151 - INFO - API: Starting concurrent aggregation with independent sessions
2026-05-09 23:15:09,151 - INFO - CRUD: Starting count query for Customers
2026-05-09 23:15:09,699 - INFO - select pg_catalog.version()
2026-05-09 23:15:09,699 - INFO - [raw sql] ()
2026-05-09 23:15:09,704 - INFO - select current_schema()
2026-05-09 23:15:09,705 - INFO - [raw sql] ()
2026-05-09 23:15:09,714 - INFO - show standard_conforming_strings
2026-05-09 23:15:09,714 - INFO - [raw sql] ()
2026-05-09 23:15:09,718 - INFO - BEGIN (implicit)
2026-05-09 23:15:09,721 - INFO - SELECT count(*) AS count_1 
FROM orders
2026-05-09 23:15:09,723 - INFO - [generated in 0.00144s] ()
2026-05-09 23:15:09,733 - INFO - BEGIN (implicit)
2026-05-09 23:15:09,734 - INFO - SELECT count(*) AS count_1 
FROM products
2026-05-09 23:15:09,735 - INFO - [generated in 0.00077s] ()
2026-05-09 23:15:09,745 - INFO - BEGIN (implicit)
2026-05-09 23:15:09,747 - INFO - SELECT count(*) AS count_1 
FROM customers
2026-05-09 23:15:09,748 - INFO - [generated in 0.00075s] ()
2026-05-09 23:15:09,754 - INFO - CRUD: Completed count for Customers: 122
2026-05-09 23:15:09,755 - INFO - ROLLBACK
2026-05-09 23:15:09,758 - INFO - BEGIN (implicit)
2026-05-09 23:15:09,759 - INFO - SELECT count(*) AS count_1 
FROM offices
2026-05-09 23:15:09,760 - INFO - [generated in 0.00091s] ()
2026-05-09 23:15:09,776 - INFO - BEGIN (implicit)
2026-05-09 23:15:09,778 - INFO - SELECT count(*) AS count_1 
FROM productlines
2026-05-09 23:15:09,778 - INFO - [generated in 0.00078s] ()
2026-05-09 23:15:09,790 - INFO - BEGIN (implicit)
2026-05-09 23:15:09,792 - INFO - SELECT count(*) AS count_1 
FROM employees
2026-05-09 23:15:09,792 - INFO - [generated in 0.00079s] ()
2026-05-09 23:15:09,802 - INFO - ROLLBACK
2026-05-09 23:15:09,807 - INFO - ROLLBACK
2026-05-09 23:15:09,819 - INFO - BEGIN (implicit)
2026-05-09 23:15:09,820 - INFO - SELECT count(*) AS count_1 
FROM orderdetails
2026-05-09 23:15:09,821 - INFO - [generated in 0.00084s] ()
2026-05-09 23:15:09,832 - INFO - BEGIN (implicit)
2026-05-09 23:15:09,834 - INFO - SELECT count(*) AS count_1 
FROM payments
2026-05-09 23:15:09,835 - INFO - [generated in 0.00085s] ()
2026-05-09 23:15:09,851 - INFO - ROLLBACK
2026-05-09 23:15:09,853 - INFO - ROLLBACK
2026-05-09 23:15:09,856 - INFO - ROLLBACK
2026-05-09 23:15:09,858 - INFO - ROLLBACK
2026-05-09 23:15:09,882 - INFO - ROLLBACK
2026-05-09 23:15:09,891 - INFO - API: Concurrency successful in 0.7395s
2026-05-09 23:29:52,297 - INFO - API: Starting concurrent aggregation with independent sessions
2026-05-09 23:29:52,297 - INFO - CRUD: Starting count query for Customers
2026-05-09 23:29:53,488 - INFO - select pg_catalog.version()
2026-05-09 23:29:53,492 - INFO - [raw sql] ()
2026-05-09 23:29:53,555 - INFO - select current_schema()
2026-05-09 23:29:53,556 - INFO - [raw sql] ()
2026-05-09 23:29:53,583 - INFO - show standard_conforming_strings
2026-05-09 23:29:53,584 - INFO - [raw sql] ()
2026-05-09 23:29:53,588 - INFO - BEGIN (implicit)
2026-05-09 23:29:53,593 - INFO - SELECT count(*) AS count_1 
FROM products
2026-05-09 23:29:53,594 - INFO - [generated in 0.00089s] ()
2026-05-09 23:29:53,605 - INFO - BEGIN (implicit)
2026-05-09 23:29:53,607 - INFO - SELECT count(*) AS count_1 
FROM employees
2026-05-09 23:29:53,608 - INFO - [generated in 0.00079s] ()
2026-05-09 23:29:53,620 - INFO - BEGIN (implicit)
2026-05-09 23:29:53,621 - INFO - SELECT count(*) AS count_1 
FROM orders
2026-05-09 23:29:53,622 - INFO - [generated in 0.00075s] ()
2026-05-09 23:29:53,635 - INFO - BEGIN (implicit)
2026-05-09 23:29:53,636 - INFO - SELECT count(*) AS count_1 
FROM productlines
2026-05-09 23:29:53,637 - INFO - [generated in 0.00083s] ()
2026-05-09 23:29:53,649 - INFO - BEGIN (implicit)
2026-05-09 23:29:53,651 - INFO - SELECT count(*) AS count_1 
FROM orderdetails
2026-05-09 23:29:53,652 - INFO - [generated in 0.00084s] ()
2026-05-09 23:29:53,662 - INFO - BEGIN (implicit)
2026-05-09 23:29:53,666 - INFO - SELECT count(*) AS count_1 
FROM offices
2026-05-09 23:29:53,666 - INFO - [generated in 0.00085s] ()
2026-05-09 23:29:53,676 - INFO - BEGIN (implicit)
2026-05-09 23:29:53,677 - INFO - SELECT count(*) AS count_1 
FROM customers
2026-05-09 23:29:53,678 - INFO - [generated in 0.00080s] ()
2026-05-09 23:29:53,690 - INFO - BEGIN (implicit)
2026-05-09 23:29:53,692 - INFO - SELECT count(*) AS count_1 
FROM payments
2026-05-09 23:29:53,693 - INFO - [generated in 0.00076s] ()
2026-05-09 23:29:53,784 - INFO - ROLLBACK
2026-05-09 23:29:53,795 - INFO - ROLLBACK
2026-05-09 23:29:53,798 - INFO - ROLLBACK
2026-05-09 23:29:53,803 - INFO - ROLLBACK
2026-05-09 23:29:53,805 - INFO - ROLLBACK
2026-05-09 23:29:53,826 - INFO - ROLLBACK
2026-05-09 23:29:53,853 - INFO - CRUD: Completed count for Customers: 122
2026-05-09 23:29:53,853 - INFO - ROLLBACK
2026-05-09 23:29:53,868 - INFO - ROLLBACK
2026-05-09 23:29:53,876 - INFO - API: Concurrency successful in 1.5790s
2026-05-11 22:08:47,892 - INFO - Database connection established
2026-05-11 22:08:47,908 - INFO - API: Request received for /count/customers
2026-05-11 22:08:47,908 - INFO - CRUD: Starting count query for Customers
2026-05-11 22:08:48,941 - INFO - select pg_catalog.version()
2026-05-11 22:08:48,941 - INFO - [raw sql] ()
2026-05-11 22:08:49,042 - INFO - select current_schema()
2026-05-11 22:08:49,042 - INFO - [raw sql] ()
2026-05-11 22:08:49,077 - INFO - show standard_conforming_strings
2026-05-11 22:08:49,078 - INFO - [raw sql] ()
2026-05-11 22:08:49,083 - INFO - BEGIN (implicit)
2026-05-11 22:08:49,113 - INFO - SELECT count(*) AS count_1 
FROM customers
2026-05-11 22:08:49,121 - INFO - [generated in 0.00138s] ()
2026-05-11 22:08:49,230 - INFO - CRUD: Completed count for Customers: 122
2026-05-11 22:08:49,230 - INFO - Database connection closed
2026-05-11 22:08:49,231 - INFO - ROLLBACK
2026-05-11 22:18:53,329 - INFO - API: Starting concurrent aggregation with independent sessions
2026-05-11 22:18:53,330 - INFO - CRUD: Starting count query for Customers
2026-05-11 22:18:55,464 - INFO - select pg_catalog.version()
2026-05-11 22:18:55,464 - INFO - [raw sql] ()
2026-05-11 22:18:55,806 - INFO - select current_schema()
2026-05-11 22:18:55,807 - INFO - [raw sql] ()
2026-05-11 22:18:55,845 - INFO - show standard_conforming_strings
2026-05-11 22:18:55,846 - INFO - [raw sql] ()
2026-05-11 22:18:55,866 - INFO - BEGIN (implicit)
2026-05-11 22:18:55,872 - INFO - SELECT count(*) AS count_1 
FROM employees
2026-05-11 22:18:55,873 - INFO - [generated in 0.00084s] ()
2026-05-11 22:18:55,884 - INFO - BEGIN (implicit)
2026-05-11 22:18:55,886 - INFO - SELECT count(*) AS count_1 
FROM customers
2026-05-11 22:18:55,887 - INFO - [generated in 0.00095s] ()
2026-05-11 22:18:55,900 - INFO - BEGIN (implicit)
2026-05-11 22:18:55,902 - INFO - SELECT count(*) AS count_1 
FROM products
2026-05-11 22:18:55,902 - INFO - [generated in 0.00086s] ()
2026-05-11 22:18:55,914 - INFO - BEGIN (implicit)
2026-05-11 22:18:55,916 - INFO - SELECT count(*) AS count_1 
FROM orders
2026-05-11 22:18:55,917 - INFO - [generated in 0.00085s] ()
2026-05-11 22:18:55,929 - INFO - BEGIN (implicit)
2026-05-11 22:18:55,931 - INFO - SELECT count(*) AS count_1 
FROM payments
2026-05-11 22:18:55,932 - INFO - [generated in 0.00090s] ()
2026-05-11 22:18:55,944 - INFO - BEGIN (implicit)
2026-05-11 22:18:55,946 - INFO - SELECT count(*) AS count_1 
FROM offices
2026-05-11 22:18:55,947 - INFO - [generated in 0.00087s] ()
2026-05-11 22:18:55,959 - INFO - BEGIN (implicit)
2026-05-11 22:18:55,961 - INFO - SELECT count(*) AS count_1 
FROM orderdetails
2026-05-11 22:18:55,962 - INFO - [generated in 0.00133s] ()
2026-05-11 22:18:55,975 - INFO - BEGIN (implicit)
2026-05-11 22:18:55,977 - INFO - SELECT count(*) AS count_1 
FROM productlines
2026-05-11 22:18:55,978 - INFO - [generated in 0.00100s] ()
2026-05-11 22:18:56,114 - INFO - ROLLBACK
2026-05-11 22:18:56,117 - INFO - ROLLBACK
2026-05-11 22:18:56,118 - INFO - CRUD: Completed count for Customers: 122
2026-05-11 22:18:56,119 - INFO - ROLLBACK
2026-05-11 22:18:56,120 - INFO - ROLLBACK
2026-05-11 22:18:56,121 - INFO - ROLLBACK
2026-05-11 22:18:56,122 - INFO - ROLLBACK
2026-05-11 22:18:56,124 - INFO - ROLLBACK
2026-05-11 22:18:56,160 - INFO - ROLLBACK
2026-05-11 22:18:56,496 - INFO - API: Concurrency successful in 3.1673s
